// Jest Snapshot v1, https://goo.gl/fbAQLP

exports[`Testing CheckoutItem component expects to render the CheckoutItem component 1`] = `
<styled.div>
  <styled.div>
    <img
      alt="item"
      src="https://store.storeimages.cdn-apple.com/4668/as-images.apple.com/is/iphone-12-pro-family-hero?wid=940&amp;hei=1112&amp;fmt=jpeg&amp;qlt=80&amp;op_usm=0.5,0.5&amp;.v=1604021663000"
    />
  </styled.div>
  <styled.span>
    Iphone 12 Pro
  </styled.span>
  <Styled(styled.span)>
    <div
      onClick={[Function]}
    >
      ❮
    </div>
    <span>
      1
    </span>
    <div
      onClick={[Function]}
    >
      ❯
    </div>
  </Styled(styled.span)>
  <styled.span>
    1179€
  </styled.span>
  <styled.span
    className="remove-button"
    onClick={[Function]}
  >
    ✕
  </styled.span>
</styled.div>
`;
