// Jest Snapshot v1, https://goo.gl/fbAQLP

exports[`Testing FormInput component expects to render the FormInput Component 1`] = `
<styled.div>
  <styled.input
    className="form-input"
    name="email"
    onChange={[MockFunction]}
  />
  <styled.label
    className=" form-input-label"
  >
    email
  </styled.label>
</styled.div>
`;
